// Vitest Snapshot v1, https://vitest.dev/guide/snapshot.html

exports[`BannerIcon > should render defaults correctly 1`] = `
<div>
  <button
    aria-label="Close"
    class="v-button v-button-small v-button-tertiary v-button-icon v-button-subtle -v-mt-8 -v-mr-8"
  >
     
    <svg
      aria-hidden="true"
      class="v-icon v-icon-visa v-icon-tiny v-icon-close"
      focusable="false"
      height="16"
      viewBox="0 0 16 16"
      width="16"
      xmlns="http://www.w3.org/2000/svg"
    >
      <path
        class="v-icon-primary"
        d="M15.3635 2.05078L9.41431 8.00098L15.3635 13.9502L13.9495 15.3643L8.00024 9.41504L2.05005 15.3643L0.635986 13.9502L6.58618 8.00098L0.635986 2.05078L2.05005 0.636719L8.00024 6.58691L13.9495 0.636719L15.3635 2.05078Z"
      />
      <defs>
        <clippath>
          <rect
            height="16"
            transform="translate(0 0.000488281)"
            width="16"
          />
        </clippath>
      </defs>
    </svg>
  </button>
</div>
`;
